
Map of NetworkModule.sm8 from link file networkmodule.lkf - Mon Nov 30 10:58:09 2020


                               --------
                               Segments
                               --------

start 00008000 end 00008080 length   128 segment .vector
start 00008080 end 00009f1b length  7835 segment .const
start 00009f1b end 0000fb38 length 23581 segment .text
start 00004000 end 00004052 length    82 segment .eeprom
start 00000000 end 00000000 length     0 segment .bsct
start 00000000 end 0000000a length    10 segment .ubsct
start 0000000a end 0000000a length     0 segment .bit
start 0000000a end 00000010 length     6 segment .data
start 00000010 end 0000059d length  1421 segment .bss
start 000005fe end 00000600 length     2 segment .iconst
start 00000000 end 00010a67 length 68199 segment .debug
start 00000000 end 00000c4c length  3148 segment .info.


                               -------
                               Modules
                               -------

NetworkModule_vector.o:
start 00000000 end 000000b5 length   181 section .debug
start 00000000 end 0000008a length   138 section .info.
start 00008000 end 00008080 length   128 section .vector

C:\Program Files (x86)\COSMIC\FSE_Compilers\CXSTM8\lib\crts0.sm8:
start 00009f1b end 00009f24 length     9 section .text
start 0000008a end 000000bd length    51 section .info.

enc28j60.o:
start 00000010 end 00000017 length     7 section .bss
start 000000b5 end 00002230 length  8571 section .debug
start 000000bd end 0000013b length   126 section .info.
start 00009f24 end 00009f2a length     6 section .text
start 00009f2a end 00009f30 length     6 section .text
start 00009f30 end 00009f50 length    32 section .text
start 00009f50 end 00009f67 length    23 section .text
start 00009f67 end 00009f7e length    23 section .text
start 00009f7e end 00009f95 length    23 section .text
start 00009f95 end 00009fa7 length    18 section .text
start 00009fa7 end 00009ff4 length    77 section .text
start 00009ff4 end 0000a028 length    52 section .text
start 0000a028 end 0000a188 length   352 section .text
start 0000a188 end 0000a235 length   173 section .text
start 0000a235 end 0000a3a5 length   368 section .text
start 0000a3a5 end 0000a41f length   122 section .text

gpio.o:
start 00002230 end 00003e22 length  7154 section .debug
start 0000013b end 000001b5 length   122 section .info.
start 0000a41f end 0000a468 length    73 section .text
start 0000a468 end 0000a475 length    13 section .text

httpd.o:
start 00000017 end 00000067 length    80 section .bss
start 00003e22 end 000050f8 length  4822 section .debug
start 000001b5 end 00000230 length   123 section .info.
start 00008080 end 00009e6c length  7660 section .const
start 0000a475 end 0000a4e3 length   110 section .text
start 0000a4e3 end 0000a5b5 length   210 section .text
start 0000a5b5 end 0000a5dd length    40 section .text
start 0000a5dd end 0000a6a9 length   204 section .text
start 0000a6a9 end 0000ac96 length  1517 section .text
start 0000ac96 end 0000acbe length    40 section .text
start 0000acbe end 0000b7de length  2848 section .text
start 0000b7de end 0000b7f2 length    20 section .text
start 0000b7f2 end 0000b807 length    21 section .text
start ******** end ******** length     0 section .text *** removed ***
start 0000b807 end 0000b988 length   385 section .text
start 0000b988 end 0000bae0 length   344 section .text
start 0000bae0 end 0000bc05 length   293 section .text
start 0000bc05 end 0000bc95 length   144 section .text
start 0000bc95 end 0000bcea length    85 section .text
start 0000bcea end 0000bd84 length   154 section .text

main.o:
start 00000067 end 0000016f length   264 section .bss
start 000050f8 end 0000882f length 14135 section .debug
start 00000230 end 000002aa length   122 section .info.
start 000005fe end 00000600 length     2 section .iconst
start 00009e6c end 00009ecd length    97 section .const
start 0000bd84 end 0000bef9 length   373 section .text
start 0000bef9 end 0000c11f length   550 section .text
start 0000c11f end 0000c1d6 length   183 section .text
start 0000c1d6 end 0000c283 length   173 section .text
start 0000c283 end 0000c38a length   263 section .text
start 0000c38a end 0000c422 length   152 section .text
start 0000c422 end 0000c46e length    76 section .text
start 0000c46e end 0000c47e length    16 section .text
start 0000c47e end 0000c939 length  1211 section .text
start 0000c939 end 0000c988 length    79 section .text
start 0000c988 end 0000cc91 length   777 section .text
start 0000cc91 end 0000cd66 length   213 section .text
start 0000cd66 end 0000cde6 length   128 section .text
start 0000cde6 end 0000ce0b length    37 section .text
start 0000ce0b end 0000cea3 length   152 section .text
start 0000cea3 end 0000cf22 length   127 section .text
start 0000cf22 end 0000cf87 length   101 section .text
start 0000cf87 end 0000cfb3 length    44 section .text
start 0000cfb3 end 0000cfd5 length    34 section .text
start ******** end ******** length     0 section .text *** removed ***
start 00004000 end 00004052 length    82 section .eeprom

mqtt.o:
start 0000016f end 0000029c length   301 section .bss
start 0000882f end 0000bbb8 length 13193 section .debug
start 000002aa end 00000324 length   122 section .info.
start 0000cfd5 end 0000d00b length    54 section .text
start 0000d00b end 0000d065 length    90 section .text
start 0000d065 end 0000d0bd length    88 section .text
start 0000d0bd end 0000d167 length   170 section .text
start 0000d167 end 0000d1f8 length   145 section .text
start 0000d1f8 end 0000d26d length   117 section .text
start 0000d26d end 0000d2e2 length   117 section .text
start 0000d2e2 end 0000d357 length   117 section .text
start 0000d357 end 0000d3cc length   117 section .text
start 0000d3cc end 0000d455 length   137 section .text
start ******** end ******** length     0 section .text *** removed ***
start ******** end ******** length     0 section .text *** removed ***
start 0000d455 end 0000d4b8 length    99 section .text
start 0000d4b8 end 0000d51b length    99 section .text
start 0000d51b end 0000d6fb length   480 section .text
start 0000d6fb end 0000d9a2 length   679 section .text
start 00009ecd end 00009f11 length    68 section .const
start 0000d9a2 end 0000d9d8 length    54 section .text
start 0000d9d8 end 0000da95 length   189 section .text
start 0000da95 end 0000db44 length   175 section .text
start 0000db44 end 0000dcae length   362 section .text
start 0000dcae end 0000dcfe length    80 section .text
start 0000dcfe end 0000dd1e length    32 section .text
start 0000dd1e end 0000dd3e length    32 section .text
start 0000dd3e end 0000de1f length   225 section .text
start 0000de1f end 0000deda length   187 section .text
start 0000deda end 0000df4c length   114 section .text
start 0000df4c end 0000df84 length    56 section .text
start 0000df84 end 0000dfe6 length    98 section .text
start 0000dfe6 end 0000e0fa length   276 section .text
start 0000e0fa end 0000e12c length    50 section .text
start ******** end ******** length     0 section .text *** removed ***
start 0000e12c end 0000e17b length    79 section .text
start 0000e17b end 0000e1e2 length   103 section .text
start 0000e1e2 end 0000e330 length   334 section .text
start 0000e330 end 0000e36c length    60 section .text
start 0000e36c end 0000e418 length   172 section .text
start 0000e418 end 0000e43c length    36 section .text
start 0000e43c end 0000e459 length    29 section .text
start 0000e459 end 0000e494 length    59 section .text

mqtt_pal.o:
start 0000bbb8 end 0000bd23 length   363 section .debug
start 00000324 end 000003a2 length   126 section .info.
start 0000e494 end 0000e4ab length    23 section .text
start 0000e4ab end 0000e4bd length    18 section .text

spi.o:
start 0000bd23 end 0000db0b length  7656 section .debug
start 000003a2 end 0000041b length   121 section .info.
start 0000e4bd end 0000e4e2 length    37 section .text
start 0000e4e2 end 0000e50c length    42 section .text
start 0000e50c end 0000e54b length    63 section .text
start 0000e54b end 0000e575 length    42 section .text
start 0000e575 end 0000e5b5 length    64 section .text

timer.o:
start 0000029c end 000002a2 length     6 section .bss
start 0000db0b end 0000f800 length  7413 section .debug
start 0000041b end 00000496 length   123 section .info.
start 0000e5b5 end 0000e647 length   146 section .text
start 0000e647 end 0000e680 length    57 section .text
start 0000e680 end 0000e690 length    16 section .text
start 0000e690 end 0000e6b3 length    35 section .text

uip.o:
start 0000000a end 00000010 length     6 section .data
start 000002a2 end 00000569 length   711 section .bss
start 0000f800 end 00010520 length  3360 section .debug
start 00000496 end 0000050f length   121 section .info.
start ******** end ******** length     0 section .text *** removed ***
start 0000e6b3 end 0000e70a length    87 section .text
start 0000e70a end 0000e758 length    78 section .text
start ******** end ******** length     0 section .text *** removed ***
start 0000e758 end 0000e774 length    28 section .text
start 0000e774 end 0000e7be length    74 section .text
start 0000e7be end 0000e7c3 length     5 section .text
start 0000e7c3 end 0000e7f2 length    47 section .text
start 0000e7f2 end 0000e88b length   153 section .text
start 0000e88b end 0000e88c length     1 section .text
start ******** end ******** length     0 section .text *** removed ***
start 0000e88c end 0000e8b0 length    36 section .text
start 0000e8b0 end 0000e8d3 length    35 section .text
start 0000e8d3 end 0000f201 length  2350 section .text
start 0000f201 end 0000f202 length     1 section .text
start 0000f202 end 0000f226 length    36 section .text

uip_arp.o:
start 00000569 end 0000059d length    52 section .bss
start 00010520 end 000109a3 length  1155 section .debug
start 0000050f end 0000058c length   125 section .info.
start 00009f11 end 00009f1b length    10 section .const
start 0000f226 end 0000f249 length    35 section .text
start 0000f249 end 0000f295 length    76 section .text
start 0000f295 end 0000f3a0 length   267 section .text
start 0000f3a0 end 0000f44f length   175 section .text
start 0000f44f end 0000f59a length   331 section .text
start 0000f59a end 0000f628 length   142 section .text

uip_tcpapphub.o:
start 000109a3 end 00010a67 length   196 section .debug
start 0000058c end 0000060f length   131 section .info.
start 0000f628 end 0000f678 length    80 section .text

(C:\Program Files (x86)\COSMIC\FSE_Compilers\CXSTM8\lib\libisl0.sm8)memmov.o:
start 0000f678 end 0000f6c9 length    81 section .text
start 0000060f end 00000685 length   118 section .info.

(C:\Program Files (x86)\COSMIC\FSE_Compilers\CXSTM8\lib\libisl0.sm8)strcat0.o:
start 0000f6c9 end 0000f6dd length    20 section .text
start 00000685 end 000006b4 length    47 section .info.

(C:\Program Files (x86)\COSMIC\FSE_Compilers\CXSTM8\lib\libisl0.sm8)strlen0.o:
start 0000f6dd end 0000f6e9 length    12 section .text
start 000006b4 end 000006e3 length    47 section .info.

(C:\Program Files (x86)\COSMIC\FSE_Compilers\CXSTM8\lib\libm0.sm8)bmulx.o:
start 0000f6e9 end 0000f6f7 length    14 section .text
start 000006e3 end 00000713 length    48 section .info.

(C:\Program Files (x86)\COSMIC\FSE_Compilers\CXSTM8\lib\libm0.sm8)eeprom.o:
start 0000f6f7 end 0000f75d length   102 section .text
start 00000713 end 00000744 length    49 section .info.

(C:\Program Files (x86)\COSMIC\FSE_Compilers\CXSTM8\lib\libm0.sm8)fmul.o:
start 0000f75d end 0000f832 length   213 section .text
start 00000744 end 00000773 length    47 section .info.

(C:\Program Files (x86)\COSMIC\FSE_Compilers\CXSTM8\lib\libm0.sm8)ftol.o:
start 0000f832 end 0000f894 length    98 section .text
start 00000773 end 000007a2 length    47 section .info.

(C:\Program Files (x86)\COSMIC\FSE_Compilers\CXSTM8\lib\libm0.sm8)imul.o:
start 0000f894 end 0000f8b5 length    33 section .text
start 000007a2 end 000007d1 length    47 section .info.

(C:\Program Files (x86)\COSMIC\FSE_Compilers\CXSTM8\lib\libm0.sm8)itolx.o:
start 0000f8b5 end 0000f8c3 length    14 section .text
start 000007d1 end 00000801 length    48 section .info.

(C:\Program Files (x86)\COSMIC\FSE_Compilers\CXSTM8\lib\libm0.sm8)itoly.o:
start 0000f8c3 end 0000f8d6 length    19 section .text
start 00000801 end 00000831 length    48 section .info.

(C:\Program Files (x86)\COSMIC\FSE_Compilers\CXSTM8\lib\libm0.sm8)ladc.o:
start 0000f8d6 end 0000f8e7 length    17 section .text
start 00000831 end 00000860 length    47 section .info.

(C:\Program Files (x86)\COSMIC\FSE_Compilers\CXSTM8\lib\libm0.sm8)ladd.o:
start 0000f8e7 end 0000f8ff length    24 section .text
start 00000860 end 0000088f length    47 section .info.

(C:\Program Files (x86)\COSMIC\FSE_Compilers\CXSTM8\lib\libm0.sm8)lcmp.o:
start 0000f8ff end 0000f91f length    32 section .text
start 0000088f end 000008be length    47 section .info.

(C:\Program Files (x86)\COSMIC\FSE_Compilers\CXSTM8\lib\libm0.sm8)lgadc.o:
start 0000f91f end 0000f92f length    16 section .text
start 000008be end 000008ee length    48 section .info.

(C:\Program Files (x86)\COSMIC\FSE_Compilers\CXSTM8\lib\libm0.sm8)lgadd.o:
start 0000f92f end 0000f946 length    23 section .text
start 000008ee end 0000091e length    48 section .info.

(C:\Program Files (x86)\COSMIC\FSE_Compilers\CXSTM8\lib\libm0.sm8)lgsbc.o:
start 0000f946 end 0000f95c length    22 section .text
start 0000091e end 0000094e length    48 section .info.

(C:\Program Files (x86)\COSMIC\FSE_Compilers\CXSTM8\lib\libm0.sm8)lgursh.o:
start 0000f95c end 0000f96a length    14 section .text
start 0000094e end 0000097f length    49 section .info.

(C:\Program Files (x86)\COSMIC\FSE_Compilers\CXSTM8\lib\libm0.sm8)lreg.o:
start 00000000 end 00000004 length     4 section .ubsct
start 0000097f end 000009ae length    47 section .info.

(C:\Program Files (x86)\COSMIC\FSE_Compilers\CXSTM8\lib\libm0.sm8)ltor.o:
start 0000f96a end 0000f97c length    18 section .text
start 000009ae end 000009dd length    47 section .info.

(C:\Program Files (x86)\COSMIC\FSE_Compilers\CXSTM8\lib\libm0.sm8)ludiv.o:
start 0000f97c end 0000f990 length    20 section .text
start 000009dd end 00000a0d length    48 section .info.

(C:\Program Files (x86)\COSMIC\FSE_Compilers\CXSTM8\lib\libm0.sm8)ldiv.o:
start 0000f990 end 0000fa7b length   235 section .text
start 00000a0d end 00000a3c length    47 section .info.

(C:\Program Files (x86)\COSMIC\FSE_Compilers\CXSTM8\lib\libm0.sm8)lgneg.o:
start 0000fa7b end 0000fa8e length    19 section .text
start 00000a3c end 00000a6c length    48 section .info.

(C:\Program Files (x86)\COSMIC\FSE_Compilers\CXSTM8\lib\libm0.sm8)lneg.o:
start 0000fa8e end 0000faa3 length    21 section .text
start 00000a6c end 00000a9b length    47 section .info.

(C:\Program Files (x86)\COSMIC\FSE_Compilers\CXSTM8\lib\libm0.sm8)lumod.o:
start 0000faa3 end 0000fabd length    26 section .text
start 00000a9b end 00000acb length    48 section .info.

(C:\Program Files (x86)\COSMIC\FSE_Compilers\CXSTM8\lib\libm0.sm8)lzmp.o:
start 0000fabd end 0000fad0 length    19 section .text
start 00000acb end 00000afa length    47 section .info.

(C:\Program Files (x86)\COSMIC\FSE_Compilers\CXSTM8\lib\libm0.sm8)rtol.o:
start 0000fad0 end 0000fae2 length    18 section .text
start 00000afa end 00000b29 length    47 section .info.

(C:\Program Files (x86)\COSMIC\FSE_Compilers\CXSTM8\lib\libm0.sm8)sdivx.o:
start 0000fae2 end 0000fb0d length    43 section .text
start 00000b29 end 00000b59 length    48 section .info.

(C:\Program Files (x86)\COSMIC\FSE_Compilers\CXSTM8\lib\libm0.sm8)uitof.o:
start 0000fb0d end 0000fb31 length    36 section .text
start 00000b59 end 00000b89 length    48 section .info.

(C:\Program Files (x86)\COSMIC\FSE_Compilers\CXSTM8\lib\libm0.sm8)utolx.o:
start 0000fb31 end 0000fb38 length     7 section .text
start 00000b89 end 00000bb9 length    48 section .info.

(C:\Program Files (x86)\COSMIC\FSE_Compilers\CXSTM8\lib\libm0.sm8)xreg.o:
start 00000004 end 00000007 length     3 section .ubsct
start 00000bb9 end 00000be8 length    47 section .info.

(C:\Program Files (x86)\COSMIC\FSE_Compilers\CXSTM8\lib\libm0.sm8)yreg.o:
start 00000007 end 0000000a length     3 section .ubsct
start 00000be8 end 00000c17 length    47 section .info.


                             -----------
                             Stack usage
                             -----------

enc28j60.o:
_Enc28j60ClearMaskReg                        8   (4)
_Enc28j60Init                               18   (2)
_Enc28j60ReadPhy                            16   (5)
_Enc28j60ReadReg                             8   (4)
_Enc28j60Receive                            19   (8)
_Enc28j60Send                               26   (11)
_Enc28j60SetMaskReg                          8   (4)
_Enc28j60SwitchBank                         11   (3)
_Enc28j60WritePhy                           16   (5)
_Enc28j60WriteReg                            8   (4)
_deselect                                    2   (2)
_read_TSV                                   15   (7)
_select                                      2   (2)

gpio.o:
_LEDcontrol                                  2   (2)
_gpio_init                                   2   (2)

httpd.o:
L3_CopyStringP                               9   (9)
L5_CopyHttpHeader                           40   (9)
L7_CopyHttpData                             49   (18)
_GpioGetPin                                  2   (2)
_GpioSetPin                                  5   (5)
_HttpDCall                                  61   (12)
_HttpDInit                                   6   (2)
_SetMAC                                      8   (8)
_adjust_template_size                        6   (4)
_clear_saved_postpartial_all                 3   (3)
_clear_saved_postpartial_data                3   (3)
_emb_itoa                                   31   (17)
_parse_POST_address                          9   (6)
_parse_POST_port                            10   (7)
_parse_POST_string                          30   (27)

main.o:
_check_eeprom_settings                      38   (3)
_check_reset_button                          9   (3)
_check_restart_reboot                       47   (2)
_check_runtime_changes                      38   (3)
_debugflash                                  9   (3)
_fastflash                                   9   (3)
_main                                   >  109   (3)
_mqtt_sanity_check                          47   (2)
_mqtt_startup                               87   (2)
_publish_callback                           13   (8)
_publish_outbound                           81   (3)
_publish_pinstate                           78   (6)
_publish_pinstate_all                       76   (4)
_read_input_registers                        4   (4)
_reboot                                     11   (2)
_restart                                    40   (2)
_unlock_eeprom                               2   (2)
_update_mac_string                          35   (4)
_write_output_registers                      3   (3)

mqtt.o:
L3512_mqtt_fixed_header_rule_violation       4   (4)
___mqtt_next_pid                             8   (8)
___mqtt_pack_str                            18   (10)
___mqtt_pack_uint16                          8   (8)
___mqtt_ping                                45   (6)
___mqtt_puback                              54   (8)
___mqtt_pubcomp                             54   (8)
___mqtt_pubrec                              54   (8)
___mqtt_pubrel                              54   (8)
___mqtt_recv                                90   (36) *** pointer() ***
___mqtt_send                                62   (17)
___mqtt_unpack_uint16                        6   (6)
_mqtt_connect                               79   (21)
_mqtt_disconnect                            45   (6)
_mqtt_init                                  22   (14)
_mqtt_mq_clean                              22   (12)
_mqtt_mq_find                                9   (9)
_mqtt_mq_init                                8   (8)
_mqtt_mq_register                            6   (6)
_mqtt_pack_connection_request               58   (34)
_mqtt_pack_disconnect                       39   (15)
_mqtt_pack_fixed_header                     24   (20)
_mqtt_pack_ping_request                     39   (15)
_mqtt_pack_publish_request                  57   (33)
_mqtt_pack_pubxxx_request                   46   (22)
_mqtt_pack_subscribe_request                73   (49)
_mqtt_publish                               72   (15)
_mqtt_subscribe                             85   (12)
_mqtt_sync                                  96   (6)
_mqtt_unpack_connack_response               12   (10)
_mqtt_unpack_fixed_header                   22   (18)
_mqtt_unpack_publish_response               18   (12)
_mqtt_unpack_pubxxx_response                16   (10)
_mqtt_unpack_response                       34   (12)
_mqtt_unpack_suback_response                20   (14)
_mqtt_unpack_unsuback_response              14   (8)

mqtt_pal.o:
_mqtt_pal_recvall                            6   (6)
_mqtt_pal_sendall                            6   (6)

spi.o:
_SpiReadByte                                 4   (4)
_SpiReadChunk                                8   (8)
_SpiWriteByte                                4   (4)
_SpiWriteChunk                               8   (8)
_spi_init                                    9   (3)

timer.o:
_arp_timer_expired                           2   (2)
_clock_init                                  2   (2)
_periodic_timer_expired                      4   (2)
_wait_timer                                  6   (6)

uip.o:
L545_uip_add_rcv_nxt                        10   (2)
L702_upper_layer_chksum                     21   (7)
L77_chksum                                  14   (14)
_htons                                       2   (2)
_uip_add32                                   8   (8)
_uip_connect                                12   (12)
_uip_init                                    2   (2)
_uip_init_stats                              2   (2)
_uip_ipchksum                               18   (4)
_uip_listen                                  4   (4)
_uip_process                               106   (8)
_uip_send                                    6   (6)
_uip_tcpchksum                              23   (2)

uip_arp.o:
L331_uip_arp_update                         10   (10)
_check_mqtt_server_arp_entry                 4   (4)
_uip_arp_arpin                              12   (2)
_uip_arp_init                                2   (2)
_uip_arp_out                                 4   (4)
_uip_arp_timer                               4   (4)

uip_tcpapphub.o:
_uip_TcpAppHubCall                          98   (2)

C:\Program Files (x86:
_memmove                                    10   (10)
_strcat                                      6   (6)
_strlen                                      2   (2)

Stack size: 109


                              ---------
                              Call tree
                              ---------
   1 > _main: (3)
   2      + _Enc28j60Init: (2)
   3      |    + _Enc28j60ReadPhy: (5)
   4      |    |    + _Enc28j60ClearMaskReg: (4)
   5      |    |    |    + _SpiWriteByte: (4)
   6      |    |    |    + _deselect: (2)
   7      |    |    |    + _select: (2)
          |    |    | 
   8      |    |    + _Enc28j60ReadReg: (4)
   9      |    |    |    + _SpiReadByte: (4)
  10      |    |    |    + _SpiWriteByte --> 5
  11      |    |    |    + _deselect --> 6
  12      |    |    |    + _select --> 7
          |    |    | 
  13      |    |    + _Enc28j60SetMaskReg: (4)
  14      |    |    |    + _SpiWriteByte --> 5
  15      |    |    |    + _deselect --> 6
  16      |    |    |    + _select --> 7
          |    |    | 
  17      |    |    + _Enc28j60SwitchBank: (3)
  18      |    |    |    + _Enc28j60ClearMaskReg --> 4
  19      |    |    |    + _Enc28j60SetMaskReg --> 13
          |    |    | 
  20      |    |    + _Enc28j60WriteReg: (4)
  21      |    |    |    + _SpiWriteByte --> 5
  22      |    |    |    + _deselect --> 6
  23      |    |    |    + _select --> 7
          |    |    | 
          |    | 
  24      |    + _Enc28j60ReadReg --> 8
  25      |    + _Enc28j60SetMaskReg --> 13
  26      |    + _Enc28j60SwitchBank --> 17
  27      |    + _Enc28j60WritePhy: (5)
  28      |    |    + _Enc28j60ReadReg --> 8
  29      |    |    + _Enc28j60SwitchBank --> 17
  30      |    |    + _Enc28j60WriteReg --> 20
          |    | 
  31      |    + _Enc28j60WriteReg --> 20
  32      |    + _SpiWriteByte --> 5
  33      |    + _deselect --> 6
  34      |    + _select --> 7
  35      |    + _wait_timer: (6)
          | 
  36      + _Enc28j60Receive: (8)
  37      |    + _Enc28j60ReadReg --> 8
  38      |    + _Enc28j60SetMaskReg --> 13
  39      |    + _Enc28j60SwitchBank --> 17
  40      |    + _Enc28j60WriteReg --> 20
  41      |    + _SpiReadByte --> 9
  42      |    + _SpiReadChunk: (8)
  43      |    + _SpiWriteByte --> 5
  44      |    + _deselect --> 6
  45      |    + _select --> 7
          | 
  46      + _Enc28j60Send: (11)
  47      |    + _Enc28j60ClearMaskReg --> 4
  48      |    + _Enc28j60ReadReg --> 8
  49      |    + _Enc28j60SetMaskReg --> 13
  50      |    + _Enc28j60SwitchBank --> 17
  51      |    + _Enc28j60WriteReg --> 20
  52      |    + _SpiWriteByte --> 5
  53      |    + _SpiWriteChunk: (8)
  54      |    + _deselect --> 6
  55      |    + _read_TSV: (7)
  56      |    |    + _Enc28j60ReadReg --> 8
  57      |    |    + _Enc28j60WriteReg --> 20
  58      |    |    + _SpiReadByte --> 9
  59      |    |    + _SpiWriteByte --> 5
  60      |    |    + _deselect --> 6
  61      |    |    + _select --> 7
  62      |    |    + _wait_timer --> 35
          |    | 
  63      |    + _select --> 7
  64      |    + _wait_timer --> 35
          | 
  65      + _HttpDInit: (2)
  66      |    + _clear_saved_postpartial_all: (3)
  67      |    + _htons: (2)
  68      |    + _uip_listen: (4)
          | 
  69      + _LEDcontrol: (2)
  70      + _arp_timer_expired: (2)
  71      + _check_eeprom_settings: (3)
  72      |    + _strcat: (6)
  73      |    + _strlen: (2)
  74      |    + _update_mac_string: (4)
  75      |    |    + _emb_itoa: (17)
          |    | 
  76      |    + _write_output_registers: (3)
          | 
  77      + _check_reset_button: (3)
  78      |    + _LEDcontrol --> 69
  79      |    + _wait_timer --> 35
          | 
  80      + _check_restart_reboot: (2)
  81      |    + _mqtt_disconnect: (6)
  82      |    |    + _mqtt_mq_clean: (12)
  83      |    |    |    + _memmove: (10)
          |    |    | 
  84      |    |    + _mqtt_mq_register: (6)
  85      |    |    + _mqtt_pack_disconnect: (15)
  86      |    |    |    + _mqtt_pack_fixed_header: (20)
  87      |    |    |    |    + L3512_mqtt_fixed_header_rule_violation: (4)
          |    |    |    | 
          |    |    | 
          |    | 
  88      |    + _reboot: (2)
  89      |    |    + _LEDcontrol --> 69
  90      |    |    + _fastflash: (3)
  91      |    |    |    + _LEDcontrol --> 69
  92      |    |    |    + _wait_timer --> 35
          |    |    | 
  93      |    |    + _wait_timer --> 35
          |    | 
  94      |    + _restart: (2)
  95      |    |    + _Enc28j60Init --> 2
  96      |    |    + _HttpDInit --> 65
  97      |    |    + _LEDcontrol --> 69
  98      |    |    + _check_eeprom_settings --> 71
  99      |    |    + _mqtt_init: (14)
 100      |    |    |    + _mqtt_mq_init: (8)
          |    |    | 
 101      |    |    + _spi_init: (3)
 102      |    |    |    + _wait_timer --> 35
          |    |    | 
 103      |    |    + _uip_arp_init: (2)
 104      |    |    + _uip_init: (2)
 105      |    |    + _unlock_eeprom: (2)
          |    | 
          | 
 106      + _check_runtime_changes: (3)
 107      |    + _fastflash --> 90
 108      |    + _read_input_registers: (4)
 109      |    + _strcat --> 72
 110      |    + _strlen --> 73
 111      |    + _update_mac_string --> 74
 112      |    + _write_output_registers --> 76
          | 
 113      + _clock_init: (2)
 114      + _gpio_init: (2)
 115      + _htons --> 67
 116      + _mqtt_init --> 99
 117      + _mqtt_sanity_check: (2)
 118      |    + _mqtt_disconnect --> 81
 119      |    + _mqtt_init --> 99
          | 
 120      + _mqtt_startup: (2)
 121      |    + _check_mqtt_server_arp_entry: (4)
 122      |    + _mqtt_connect: (21)
 123      |    |    + _mqtt_mq_clean --> 82
 124      |    |    + _mqtt_mq_register --> 84
 125      |    |    + _mqtt_pack_connection_request: (34)
 126      |    |    |    + ___mqtt_pack_str: (10)
 127      |    |    |    |    + ___mqtt_pack_uint16: (8)
 128      |    |    |    |    + _strlen --> 73
          |    |    |    | 
 129      |    |    |    + ___mqtt_pack_uint16 --> 127
 130      |    |    |    + _mqtt_pack_fixed_header --> 86
 131      |    |    |    + _strlen --> 73
          |    |    | 
          |    | 
 132      |    + _mqtt_publish: (15)
 133      |    |    + ___mqtt_next_pid: (8)
 134      |    |    + _mqtt_mq_clean --> 82
 135      |    |    + _mqtt_mq_register --> 84
 136      |    |    + _mqtt_pack_publish_request: (33)
 137      |    |    |    + ___mqtt_pack_str --> 126
 138      |    |    |    + ___mqtt_pack_uint16 --> 127
 139      |    |    |    + _mqtt_pack_fixed_header --> 86
 140      |    |    |    + _strlen --> 73
          |    |    | 
          |    | 
 141      |    + _mqtt_subscribe: (12)
 142      |    |    + ___mqtt_next_pid --> 133
 143      |    |    + _mqtt_mq_clean --> 82
 144      |    |    + _mqtt_mq_register --> 84
 145      |    |    + _mqtt_pack_subscribe_request: (49)
 146      |    |    |    + ___mqtt_pack_str --> 126
 147      |    |    |    + ___mqtt_pack_uint16 --> 127
 148      |    |    |    + _mqtt_pack_fixed_header --> 86
 149      |    |    |    + _strlen --> 73
          |    |    | 
          |    | 
 150      |    + _strcat --> 72
 151      |    + _strlen --> 73
 152      |    + _uip_connect: (12)
          | 
 153      + _periodic_timer_expired: (2)
 154      + _publish_outbound: (3)
 155      |    + _publish_pinstate: (6)
 156      |    |    + _mqtt_publish --> 132
 157      |    |    + _strcat --> 72
          |    | 
 158      |    + _publish_pinstate_all: (4)
 159      |    |    + _mqtt_publish --> 132
 160      |    |    + _strcat --> 72
          |    | 
          | 
 161      + _spi_init --> 101
 162      + _uip_arp_arpin: (2)
 163      |    + L331_uip_arp_update: (10)
          | 
 164      + _uip_arp_init --> 103
 165      + _uip_arp_out: (4)
 166      + _uip_arp_timer: (4)
 167      + _uip_init --> 104
 168      + _uip_process: (8)
 169      |    + L545_uip_add_rcv_nxt: (2)
 170      |    |    + _uip_add32: (8)
          |    | 
 171      |    + _uip_TcpAppHubCall: (2)
 172      |    |    + _HttpDCall: (12)
 173      |    |    |    + L5_CopyHttpHeader: (9)
 174      |    |    |    |    + L3_CopyStringP: (9)
 175      |    |    |    |    + _emb_itoa --> 75
          |    |    |    | 
 176      |    |    |    + L7_CopyHttpData: (18)
 177      |    |    |    |    + _GpioGetPin: (2)
 178      |    |    |    |    + _emb_itoa --> 75
          |    |    |    | 
 179      |    |    |    + _GpioSetPin: (5)
 180      |    |    |    + _SetMAC: (8)
 181      |    |    |    + _adjust_template_size: (4)
 182      |    |    |    |    + _strlen --> 73
          |    |    |    | 
 183      |    |    |    + _clear_saved_postpartial_all --> 66
 184      |    |    |    + _clear_saved_postpartial_data: (3)
 185      |    |    |    + _debugflash: (3)
 186      |    |    |    |    + _LEDcontrol --> 69
 187      |    |    |    |    + _wait_timer --> 35
          |    |    |    | 
 188      |    |    |    + _parse_POST_address: (6)
 189      |    |    |    |    + _clear_saved_postpartial_all --> 66
 190      |    |    |    |    + _clear_saved_postpartial_data --> 184
          |    |    |    | 
 191      |    |    |    + _parse_POST_port: (7)
 192      |    |    |    |    + _clear_saved_postpartial_all --> 66
 193      |    |    |    |    + _clear_saved_postpartial_data --> 184
          |    |    |    | 
 194      |    |    |    + _parse_POST_string: (27)
 195      |    |    |    |    + _clear_saved_postpartial_all --> 66
 196      |    |    |    |    + _clear_saved_postpartial_data --> 184
          |    |    |    | 
 197      |    |    |    + _uip_init_stats: (2)
 198      |    |    |    + _uip_send: (6)
          |    |    | 
 199      |    |    + _htons --> 67
 200      |    |    + _mqtt_sync: (6)
 201      |    |    |    + ___mqtt_recv: (36)
 202      |    |    |    |    + ___mqtt_puback: (8)
 203      |    |    |    |    |    + _mqtt_mq_clean --> 82
 204      |    |    |    |    |    + _mqtt_mq_register --> 84
 205      |    |    |    |    |    + _mqtt_pack_pubxxx_request: (22)
 206      |    |    |    |    |    |    + ___mqtt_pack_uint16 --> 127
 207      |    |    |    |    |    |    + _mqtt_pack_fixed_header --> 86
          |    |    |    |    |    | 
          |    |    |    |    | 
 208      |    |    |    |    + ___mqtt_pubcomp: (8)
 209      |    |    |    |    |    + _mqtt_mq_clean --> 82
 210      |    |    |    |    |    + _mqtt_mq_register --> 84
 211      |    |    |    |    |    + _mqtt_pack_pubxxx_request --> 205
          |    |    |    |    | 
 212      |    |    |    |    + ___mqtt_pubrec: (8)
 213      |    |    |    |    |    + _mqtt_mq_clean --> 82
 214      |    |    |    |    |    + _mqtt_mq_register --> 84
 215      |    |    |    |    |    + _mqtt_pack_pubxxx_request --> 205
          |    |    |    |    | 
 216      |    |    |    |    + ___mqtt_pubrel: (8)
 217      |    |    |    |    |    + _mqtt_mq_clean --> 82
 218      |    |    |    |    |    + _mqtt_mq_register --> 84
 219      |    |    |    |    |    + _mqtt_pack_pubxxx_request --> 205
          |    |    |    |    | 
 220      |    |    |    |    + _memmove --> 83
 221      |    |    |    |    + _mqtt_mq_find: (9)
 222      |    |    |    |    + _mqtt_pal_recvall: (6)
 223      |    |    |    |    + _mqtt_unpack_response: (12)
 224      |    |    |    |    |    + _mqtt_unpack_connack_response: (10)
 225      |    |    |    |    |    + _mqtt_unpack_fixed_header: (18)
 226      |    |    |    |    |    |    + L3512_mqtt_fixed_header_rule_violation --> 87
          |    |    |    |    |    | 
 227      |    |    |    |    |    + _mqtt_unpack_publish_response: (12)
 228      |    |    |    |    |    |    + ___mqtt_unpack_uint16: (6)
          |    |    |    |    |    | 
 229      |    |    |    |    |    + _mqtt_unpack_pubxxx_response: (10)
 230      |    |    |    |    |    |    + ___mqtt_unpack_uint16 --> 228
          |    |    |    |    |    | 
 231      |    |    |    |    |    + _mqtt_unpack_suback_response: (14)
 232      |    |    |    |    |    |    + ___mqtt_unpack_uint16 --> 228
          |    |    |    |    |    | 
 233      |    |    |    |    |    + _mqtt_unpack_unsuback_response: (8)
 234      |    |    |    |    |    |    + ___mqtt_unpack_uint16 --> 228
          |    |    |    |    |    | 
          |    |    |    |    | 
 235      |    |    |    |    + (_publish_callback) ...
          |    |    |    | 
 236      |    |    |    + ___mqtt_send: (17)
 237      |    |    |    |    + ___mqtt_ping: (6)
 238      |    |    |    |    |    + _mqtt_mq_clean --> 82
 239      |    |    |    |    |    + _mqtt_mq_register --> 84
 240      |    |    |    |    |    + _mqtt_pack_ping_request: (15)
 241      |    |    |    |    |    |    + _mqtt_pack_fixed_header --> 86
          |    |    |    |    |    | 
          |    |    |    |    | 
 242      |    |    |    |    + _mqtt_pal_sendall: (6)
          |    |    |    | 
          |    |    | 
          |    | 
 243      |    + _uip_add32 --> 170
 244      |    + _uip_ipchksum: (4)
 245      |    |    + L77_chksum: (14)
 246      |    |    + _htons --> 67
          |    | 
 247      |    + _uip_tcpchksum: (2)
 248      |    |    + L702_upper_layer_chksum: (7)
 249      |    |    |    + L77_chksum --> 245
 250      |    |    |    + _htons --> 67
          |    |    | 
          |    | 
          | 
 251      + _unlock_eeprom --> 105
       
 252   L331_uip_arp_update --> 163

 253   L3512_mqtt_fixed_header_rule_violation --> 87

 254   L3_CopyStringP --> 174

 255   L545_uip_add_rcv_nxt --> 169

 256   L5_CopyHttpHeader --> 173

 257   L702_upper_layer_chksum --> 248

 258   L77_chksum --> 245

 259   L7_CopyHttpData --> 176

 260   _Enc28j60ClearMaskReg --> 4

 261   _Enc28j60Init --> 2

 262   _Enc28j60ReadPhy --> 3

 263   _Enc28j60ReadReg --> 8

 264   _Enc28j60Receive --> 36

 265   _Enc28j60Send --> 46

 266   _Enc28j60SetMaskReg --> 13

 267   _Enc28j60SwitchBank --> 17

 268   _Enc28j60WritePhy --> 27

 269   _Enc28j60WriteReg --> 20

 270   _GpioGetPin --> 177

 271   _GpioSetPin --> 179

 272   _HttpDCall --> 172

 273   _HttpDInit --> 65

 274   _LEDcontrol --> 69

 275   _SetMAC --> 180

 276   _SpiReadByte --> 9

 277   _SpiReadChunk --> 42

 278   _SpiWriteByte --> 5

 279   _SpiWriteChunk --> 53

 280   ___mqtt_next_pid --> 133

 281   ___mqtt_pack_str --> 126

 282   ___mqtt_pack_uint16 --> 127

 283   ___mqtt_ping --> 237

 284   ___mqtt_puback --> 202

 285   ___mqtt_pubcomp --> 208

 286   ___mqtt_pubrec --> 212

 287   ___mqtt_pubrel --> 216

 288   ___mqtt_recv --> 201

 289   ___mqtt_send --> 236

 290   ___mqtt_unpack_uint16 --> 228

 291   _adjust_template_size --> 181

 292   _arp_timer_expired --> 70

 293   _check_eeprom_settings --> 71

 294   _check_mqtt_server_arp_entry --> 121

 295   _check_reset_button --> 77

 296   _check_restart_reboot --> 80

 297   _check_runtime_changes --> 106

 298   _clear_saved_postpartial_all --> 66

 299   _clear_saved_postpartial_data --> 184

 300   _clock_init --> 113

 301   _debugflash --> 185

 302   _deselect --> 6

 303   _emb_itoa --> 75

 304   _fastflash --> 90

 305   _gpio_init --> 114

 306   _htons --> 67

 307   _memmove --> 83

 308   _mqtt_connect --> 122

 309   _mqtt_disconnect --> 81

 310   _mqtt_init --> 99

 311   _mqtt_mq_clean --> 82

 312   _mqtt_mq_find --> 221

 313   _mqtt_mq_init --> 100

 314   _mqtt_mq_register --> 84

 315   _mqtt_pack_connection_request --> 125

 316   _mqtt_pack_disconnect --> 85

 317   _mqtt_pack_fixed_header --> 86

 318   _mqtt_pack_ping_request --> 240

 319   _mqtt_pack_publish_request --> 136

 320   _mqtt_pack_pubxxx_request --> 205

 321   _mqtt_pack_subscribe_request --> 145

 322   _mqtt_pal_recvall --> 222

 323   _mqtt_pal_sendall --> 242

 324   _mqtt_publish --> 132

 325   _mqtt_sanity_check --> 117

 326   _mqtt_startup --> 120

 327   _mqtt_subscribe --> 141

 328   _mqtt_sync --> 200

 329   _mqtt_unpack_connack_response --> 224

 330   _mqtt_unpack_fixed_header --> 225

 331   _mqtt_unpack_publish_response --> 227

 332   _mqtt_unpack_pubxxx_response --> 229

 333   _mqtt_unpack_response --> 223

 334   _mqtt_unpack_suback_response --> 231

 335   _mqtt_unpack_unsuback_response --> 233

 336   _parse_POST_address --> 188

 337   _parse_POST_port --> 191

 338   _parse_POST_string --> 194

 339   _periodic_timer_expired --> 153

 340   _publish_callback: (8)
 341      + _GpioSetPin --> 179
 342      + _strlen --> 73
       
 343   _publish_outbound --> 154

 344   _publish_pinstate --> 155

 345   _publish_pinstate_all --> 158

 346   _read_TSV --> 55

 347   _read_input_registers --> 108

 348   _reboot --> 88

 349   _restart --> 94

 350   _select --> 7

 351   _spi_init --> 101

 352   _strcat --> 72

 353   _strlen --> 73

 354   _uip_TcpAppHubCall --> 171

 355   _uip_add32 --> 170

 356   _uip_arp_arpin --> 162

 357   _uip_arp_init --> 103

 358   _uip_arp_out --> 165

 359   _uip_arp_timer --> 166

 360   _uip_connect --> 152

 361   _uip_init --> 104

 362   _uip_init_stats --> 197

 363   _uip_ipchksum --> 244

 364   _uip_listen --> 68

 365   _uip_process --> 168

 366   _uip_send --> 198

 367   _uip_tcpchksum --> 247

 368   _unlock_eeprom --> 105

 369   _update_mac_string --> 74

 370   _wait_timer --> 35

 371   _write_output_registers --> 76



                               -------
                               Symbols
                               -------

c_lreg                              00000000   defined in (C:\Program Files (x86)\COSMIC\FSE_Compilers\CXSTM8\lib\libm0.sm8)lreg.o section .ubsct
                                               used in httpd.o main.o mqtt.o
                                                       (C:\Program Files (x86)\COSMIC\FSE_Compilers\CXSTM8\lib\libm0.sm8)eeprom.o
                                                       (C:\Program Files (x86)\COSMIC\FSE_Compilers\CXSTM8\lib\libm0.sm8)fmul.o
                                                       (C:\Program Files (x86)\COSMIC\FSE_Compilers\CXSTM8\lib\libm0.sm8)ftol.o
                                                       (C:\Program Files (x86)\COSMIC\FSE_Compilers\CXSTM8\lib\libm0.sm8)itolx.o
                                                       (C:\Program Files (x86)\COSMIC\FSE_Compilers\CXSTM8\lib\libm0.sm8)itoly.o
                                                       (C:\Program Files (x86)\COSMIC\FSE_Compilers\CXSTM8\lib\libm0.sm8)ladc.o
                                                       (C:\Program Files (x86)\COSMIC\FSE_Compilers\CXSTM8\lib\libm0.sm8)ladd.o
                                                       (C:\Program Files (x86)\COSMIC\FSE_Compilers\CXSTM8\lib\libm0.sm8)lcmp.o
                                                       (C:\Program Files (x86)\COSMIC\FSE_Compilers\CXSTM8\lib\libm0.sm8)lgadd.o
                                                       (C:\Program Files (x86)\COSMIC\FSE_Compilers\CXSTM8\lib\libm0.sm8)ltor.o
                                                       (C:\Program Files (x86)\COSMIC\FSE_Compilers\CXSTM8\lib\libm0.sm8)ldiv.o
                                                       (C:\Program Files (x86)\COSMIC\FSE_Compilers\CXSTM8\lib\libm0.sm8)lneg.o
                                                       (C:\Program Files (x86)\COSMIC\FSE_Compilers\CXSTM8\lib\libm0.sm8)lumod.o
                                                       (C:\Program Files (x86)\COSMIC\FSE_Compilers\CXSTM8\lib\libm0.sm8)rtol.o
                                                       (C:\Program Files (x86)\COSMIC\FSE_Compilers\CXSTM8\lib\libm0.sm8)uitof.o
                                                       (C:\Program Files (x86)\COSMIC\FSE_Compilers\CXSTM8\lib\libm0.sm8)utolx.o
c_x                                 00000004   defined in (C:\Program Files (x86)\COSMIC\FSE_Compilers\CXSTM8\lib\libm0.sm8)xreg.o section .ubsct
                                               used in httpd.o mqtt.o mqtt_pal.o
                                                       uip.o uip_arp.o
                                                       uip_tcpapphub.o
                                                       (C:\Program Files (x86)\COSMIC\FSE_Compilers\CXSTM8\lib\libisl0.sm8)strlen0.o
                                                       (C:\Program Files (x86)\COSMIC\FSE_Compilers\CXSTM8\lib\libm0.sm8)bmulx.o
                                                       (C:\Program Files (x86)\COSMIC\FSE_Compilers\CXSTM8\lib\libm0.sm8)fmul.o
                                                       (C:\Program Files (x86)\COSMIC\FSE_Compilers\CXSTM8\lib\libm0.sm8)imul.o
                                                       (C:\Program Files (x86)\COSMIC\FSE_Compilers\CXSTM8\lib\libm0.sm8)ldiv.o
                                                       (C:\Program Files (x86)\COSMIC\FSE_Compilers\CXSTM8\lib\libm0.sm8)sdivx.o
c_y                                 00000007   defined in (C:\Program Files (x86)\COSMIC\FSE_Compilers\CXSTM8\lib\libm0.sm8)yreg.o section .ubsct
                                               used in httpd.o mqtt.o uip.o
                                                       uip_arp.o
__endzp                             0000000a   defined in command file section .ubsct
                                               *** not used ***
_uip_ethaddr                        0000000a   defined in uip.o section .data, initialized
                                               used in main.o uip_arp.o
_tsv_byte                           00000010   defined in enc28j60.o section .bss
_insertion_flag                     00000017   defined in httpd.o section .bss
_current_webpage                    0000001a   defined in httpd.o section .bss
_alpha                              0000001b   defined in httpd.o section .bss
_break_while                        00000021   defined in httpd.o section .bss
_tmp_nParseLeft                     00000022   defined in httpd.o section .bss
_tmp_nBytes                         00000023   defined in httpd.o section .bss
_tmp_pBuffer                        00000025   defined in httpd.o section .bss
_z_diag                             00000027   defined in httpd.o section .bss
_saved_newlines                     00000028   defined in httpd.o section .bss
_saved_postpartial_previous         00000029   defined in httpd.o section .bss
_saved_postpartial                  00000041   defined in httpd.o section .bss
_saved_nparseleft                   00000059   defined in httpd.o section .bss
_saved_parsestate                   0000005a   defined in httpd.o section .bss
_saved_nstate                       0000005b   defined in httpd.o section .bss
_OctetArray                         0000005c   defined in httpd.o section .bss
                                               used in main.o
_TRANSMIT_counter                   00000067   defined in main.o section .bss
                                               used in enc28j60.o httpd.o
_TXERIF_counter                     0000006b   defined in main.o section .bss
                                               used in enc28j60.o httpd.o
_RXERIF_counter                     0000006f   defined in main.o section .bss
                                               used in enc28j60.o httpd.o
_topic_base_len                     00000073   defined in main.o section .bss
_topic_base                         00000074   defined in main.o section .bss
_mqtt_restart_step                  000000a0   defined in main.o section .bss
_mqtt_conn                          000000a1   defined in main.o section .bss
_mqtt_start_retry                   000000a3   defined in main.o section .bss
_mqtt_sanity_ctr                    000000a4   defined in main.o section .bss
_mqtt_start_ctr2                    000000a5   defined in main.o section .bss
_mqtt_start_ctr1                    000000a6   defined in main.o section .bss
_mqtt_start_status                  000000a7   defined in main.o section .bss
                                               used in httpd.o
_mqtt_start                         000000a8   defined in main.o section .bss
                                               used in uip_tcpapphub.o
_client_id_text                     000000a9   defined in main.o section .bss
_client_id                          000000c3   defined in main.o section .bss
_mqttclient                         000000c5   defined in main.o section .bss
                                               used in uip_tcpapphub.o
_mqtt_keep_alive                    000000f1   defined in main.o section .bss
_application_message                000000f3   defined in main.o section .bss
_Port_Mqttd                         000000f6   defined in main.o section .bss
                                               used in uip_tcpapphub.o
_mqttport                           000000f8   defined in main.o section .bss
_connect_flags                      000000fa   defined in main.o section .bss
_time_mark2                         000000fb   defined in main.o section .bss
_IpAddr                             000000ff   defined in main.o section .bss
_Port_Httpd                         00000103   defined in main.o section .bss
                                               used in httpd.o uip_tcpapphub.o
_mqtt_parse_complete                00000105   defined in main.o section .bss
_parse_complete                     00000106   defined in main.o section .bss
                                               used in httpd.o
_mqtt_close_tcp                     00000107   defined in main.o section .bss
                                               used in uip_tcpapphub.o
_restart_reboot_step                00000108   defined in main.o section .bss
_restart_request                    00000109   defined in main.o section .bss
_user_reboot_request                0000010a   defined in main.o section .bss
                                               used in httpd.o
_reboot_request                     0000010b   defined in main.o section .bss
_mac_string                         0000010c   defined in main.o section .bss
                                               used in httpd.o
_Pending_uip_ethaddr_oct            00000119   defined in main.o section .bss
                                               used in httpd.o
_Pending_config_settings            0000011f   defined in main.o section .bss
                                               used in httpd.o
_Pending_devicename                 00000125   defined in main.o section .bss
                                               used in httpd.o
_Pending_port                       00000139   defined in main.o section .bss
                                               used in httpd.o
_Pending_netmask                    0000013b   defined in main.o section .bss
                                               used in httpd.o
_Pending_draddr                     0000013f   defined in main.o section .bss
                                               used in httpd.o
_Pending_hostaddr                   00000143   defined in main.o section .bss
                                               used in httpd.o
_Pending_mqtt_password              00000147   defined in main.o section .bss
                                               used in httpd.o
_Pending_mqtt_username              00000152   defined in main.o section .bss
                                               used in httpd.o
_Pending_mqttport                   0000015d   defined in main.o section .bss
                                               used in httpd.o
_Pending_mqttserveraddr             0000015f   defined in main.o section .bss
                                               used in httpd.o
_stack_error                        00000163   defined in main.o section .bss
_state_request                      00000164   defined in main.o section .bss
_invert_input                       00000165   defined in main.o section .bss
                                               used in httpd.o
_invert_output                      00000166   defined in main.o section .bss
_IO_8to1_sent                       00000167   defined in main.o section .bss
_IO_16to9_sent                      00000168   defined in main.o section .bss
_IO_8to1_new2                       00000169   defined in main.o section .bss
_IO_16to9_new2                      0000016a   defined in main.o section .bss
_IO_8to1_new1                       0000016b   defined in main.o section .bss
_IO_16to9_new1                      0000016c   defined in main.o section .bss
_IO_8to1                            0000016d   defined in main.o section .bss
                                               used in httpd.o
_IO_16to9                           0000016e   defined in main.o section .bss
                                               used in httpd.o
_mqtt_sendbuf                       0000016f   defined in mqtt.o section .bss
                                               used in main.o
_MQTT_error_status                  0000029b   defined in mqtt.o section .bss
                                               used in httpd.o main.o
_second_counter                     0000029c   defined in timer.o section .bss
                                               used in httpd.o main.o mqtt.o
_second_toggle                      000002a0   defined in timer.o section .bss
_arp_timer                          000002a1   defined in timer.o section .bss
_uip_listenports                    000002ac   defined in uip.o section .bss
_uip_slen                           000002b0   defined in uip.o section .bss
                                               used in mqtt_pal.o
_uip_sappdata                       000002b2   defined in uip.o section .bss
_uip_mqttserveraddr                 000002b4   defined in uip.o section .bss
                                               used in main.o uip_arp.o
_uip_draddr                         000002b8   defined in uip.o section .bss
                                               used in main.o uip_arp.o
_uip_netmask                        000002bc   defined in uip.o section .bss
                                               used in main.o uip_arp.o
_uip_hostaddr                       000002c0   defined in uip.o section .bss
                                               used in main.o uip_arp.o
_uip_flags                          000002c4   defined in uip.o section .bss
                                               used in httpd.o mqtt.o
                                                       uip_tcpapphub.o
_uip_acc32                          000002c5   defined in uip.o section .bss
_uip_conns                          000002c9   defined in uip.o section .bss
                                               used in main.o
_uip_conn                           0000036d   defined in uip.o section .bss
                                               used in httpd.o main.o
                                                       uip_tcpapphub.o
_uip_len                            0000036f   defined in uip.o section .bss
                                               used in httpd.o main.o mqtt.o
                                                       mqtt_pal.o uip_arp.o
                                                       uip_tcpapphub.o
_uip_appdata                        00000371   defined in uip.o section .bss
                                               used in httpd.o main.o mqtt_pal.o
                                                       uip_arp.o uip_tcpapphub.o
_uip_buf                            00000373   defined in uip.o section .bss
                                               used in main.o uip_arp.o
__memory                            0000059d   defined in command file section .bss
                                               *** not used ***
_stack_limit2                       000005fe   defined in main.o section .iconst
_stack_limit1                       000005ff   defined in main.o section .iconst
__stack                             000007ff   defined in command file
                                               used in C:\Program Files (x86)\COSMIC\FSE_Compilers\CXSTM8\lib\crts0.sm8
_stored_devicename                  00004000   defined in main.o section .eeprom
                                               used in httpd.o
_stored_IO_8to1                     00004014   defined in main.o section .eeprom
_stored_unused1                     00004015   defined in main.o section .eeprom
_stored_unused2                     00004016   defined in main.o section .eeprom
_stored_uip_ethaddr_oct             00004017   defined in main.o section .eeprom
                                               used in enc28j60.o
_stored_port                        0000401d   defined in main.o section .eeprom
                                               used in httpd.o
_stored_netmask                     0000401f   defined in main.o section .eeprom
                                               used in httpd.o
_stored_draddr                      00004023   defined in main.o section .eeprom
                                               used in httpd.o
_stored_hostaddr                    00004027   defined in main.o section .eeprom
                                               used in httpd.o
_magic1                             0000402b   defined in main.o section .eeprom
_magic2                             0000402c   defined in main.o section .eeprom
_magic3                             0000402d   defined in main.o section .eeprom
_magic4                             0000402e   defined in main.o section .eeprom
_stored_mqttport                    0000402f   defined in main.o section .eeprom
                                               used in httpd.o
_stored_mqttserveraddr              00004031   defined in main.o section .eeprom
                                               used in httpd.o
_stored_mqtt_username               00004035   defined in main.o section .eeprom
                                               used in httpd.o
_stored_mqtt_password               00004040   defined in main.o section .eeprom
                                               used in httpd.o
_stored_IO_16to9                    0000404b   defined in main.o section .eeprom
_stored_config_settings             0000404c   defined in main.o section .eeprom
                                               used in enc28j60.o httpd.o
_PA_ODR                             00005000   defined in enc28j60.o
_PA_IDR                             00005001   defined in enc28j60.o
_PA_DDR                             00005002   defined in enc28j60.o
_PA_CR1                             00005003   defined in enc28j60.o
_PA_CR2                             00005004   defined in enc28j60.o
_PB_ODR                             00005005   defined in enc28j60.o
_PB_IDR                             00005006   defined in enc28j60.o
_PB_DDR                             00005007   defined in enc28j60.o
_PB_CR1                             00005008   defined in enc28j60.o
_PB_CR2                             00005009   defined in enc28j60.o
_PC_ODR                             0000500a   defined in enc28j60.o
_PC_IDR                             0000500b   defined in enc28j60.o
_PC_DDR                             0000500c   defined in enc28j60.o
_PC_CR1                             0000500d   defined in enc28j60.o
_PC_CR2                             0000500e   defined in enc28j60.o
_PD_ODR                             0000500f   defined in enc28j60.o
_PD_IDR                             00005010   defined in enc28j60.o
_PD_DDR                             00005011   defined in enc28j60.o
_PD_CR1                             00005012   defined in enc28j60.o
_PD_CR2                             00005013   defined in enc28j60.o
_PE_ODR                             00005014   defined in enc28j60.o
_PE_IDR                             00005015   defined in enc28j60.o
_PE_DDR                             00005016   defined in enc28j60.o
_PE_CR1                             00005017   defined in enc28j60.o
_PE_CR2                             00005018   defined in enc28j60.o
_PF_ODR                             00005019   defined in enc28j60.o
_PF_IDR                             0000501a   defined in enc28j60.o
_PF_DDR                             0000501b   defined in enc28j60.o
_PF_CR1                             0000501c   defined in enc28j60.o
_PF_CR2                             0000501d   defined in enc28j60.o
_PG_ODR                             0000501e   defined in enc28j60.o
_PG_IDR                             0000501f   defined in enc28j60.o
_PG_DDR                             00005020   defined in enc28j60.o
_PG_CR1                             00005021   defined in enc28j60.o
_PG_CR2                             00005022   defined in enc28j60.o
_PH_ODR                             00005023   defined in enc28j60.o
_PH_IDR                             00005024   defined in enc28j60.o
_PH_DDR                             00005025   defined in enc28j60.o
_PH_CR1                             00005026   defined in enc28j60.o
_PH_CR2                             00005027   defined in enc28j60.o
_PI_ODR                             00005028   defined in enc28j60.o
_PI_IDR                             00005029   defined in enc28j60.o
_PI_DDR                             0000502a   defined in enc28j60.o
_PI_CR1                             0000502b   defined in enc28j60.o
_PI_CR2                             0000502c   defined in enc28j60.o
_FLASH_CR1                          0000505a   defined in enc28j60.o
_FLASH_CR2                          0000505b   defined in enc28j60.o
                                               used in (C:\Program Files (x86)\COSMIC\FSE_Compilers\CXSTM8\lib\libm0.sm8)eeprom.o
_FLASH_NCR2                         0000505c   defined in enc28j60.o
                                               used in (C:\Program Files (x86)\COSMIC\FSE_Compilers\CXSTM8\lib\libm0.sm8)eeprom.o
_FLASH_FPR                          0000505d   defined in enc28j60.o
_FLASH_NFPR                         0000505e   defined in enc28j60.o
_FLASH_IAPSR                        0000505f   defined in enc28j60.o
                                               used in (C:\Program Files (x86)\COSMIC\FSE_Compilers\CXSTM8\lib\libm0.sm8)eeprom.o
_FLASH_PUKR                         00005062   defined in enc28j60.o
_FLASH_DUKR                         00005064   defined in enc28j60.o
_EXTI_CR1                           000050a0   defined in enc28j60.o
_EXTI_CR2                           000050a1   defined in enc28j60.o
_RST_SR                             000050b3   defined in enc28j60.o
_CLK_ICKR                           000050c0   defined in enc28j60.o
_CLK_ECKR                           000050c1   defined in enc28j60.o
_CLK_CMSR                           000050c3   defined in enc28j60.o
_CLK_SWR                            000050c4   defined in enc28j60.o
_CLK_SWCR                           000050c5   defined in enc28j60.o
_CLK_CKDIVR                         000050c6   defined in enc28j60.o
_CLK_PCKENR1                        000050c7   defined in enc28j60.o
_CLK_CSSR                           000050c8   defined in enc28j60.o
_CLK_CCOR                           000050c9   defined in enc28j60.o
_CLK_PCKENR2                        000050ca   defined in enc28j60.o
_CLK_HSITRIMR                       000050cc   defined in enc28j60.o
_CLK_SWIMCCR                        000050cd   defined in enc28j60.o
_WWDG_CR                            000050d1   defined in enc28j60.o
_WWDG_WR                            000050d2   defined in enc28j60.o
_IWDG_KR                            000050e0   defined in enc28j60.o
_IWDG_PR                            000050e1   defined in enc28j60.o
_IWDG_RLR                           000050e2   defined in enc28j60.o
_AWU_CSR1                           000050f0   defined in enc28j60.o
_AWU_APR                            000050f1   defined in enc28j60.o
_AWU_TBR                            000050f2   defined in enc28j60.o
_BEEP_CSR                           000050f3   defined in enc28j60.o
_SPI_CR1                            00005200   defined in enc28j60.o
_SPI_CR2                            00005201   defined in enc28j60.o
_SPI_ICR                            00005202   defined in enc28j60.o
_SPI_SR                             00005203   defined in enc28j60.o
_SPI_DR                             00005204   defined in enc28j60.o
_SPI_CRCPR                          00005205   defined in enc28j60.o
_SPI_RXCRCR                         00005206   defined in enc28j60.o
_SPI_TXCRCR                         00005207   defined in enc28j60.o
_I2C_CR1                            00005210   defined in enc28j60.o
_I2C_CR2                            00005211   defined in enc28j60.o
_I2C_FREQR                          00005212   defined in enc28j60.o
_I2C_OARL                           00005213   defined in enc28j60.o
_I2C_OARH                           00005214   defined in enc28j60.o
_I2C_DR                             00005216   defined in enc28j60.o
_I2C_SR1                            00005217   defined in enc28j60.o
_I2C_SR2                            00005218   defined in enc28j60.o
_I2C_SR3                            00005219   defined in enc28j60.o
_I2C_ITR                            0000521a   defined in enc28j60.o
_I2C_CCRL                           0000521b   defined in enc28j60.o
_I2C_CCRH                           0000521c   defined in enc28j60.o
_I2C_TRISER                         0000521d   defined in enc28j60.o
_I2C_PECR                           0000521e   defined in enc28j60.o
_UART2_SR                           00005240   defined in enc28j60.o
_UART2_DR                           00005241   defined in enc28j60.o
_UART2_BRR1                         00005242   defined in enc28j60.o
_UART2_BRR2                         00005243   defined in enc28j60.o
_UART2_CR1                          00005244   defined in enc28j60.o
_UART2_CR2                          00005245   defined in enc28j60.o
_UART2_CR3                          00005246   defined in enc28j60.o
_UART2_CR4                          00005247   defined in enc28j60.o
_UART2_CR5                          00005248   defined in enc28j60.o
_UART2_CR6                          00005249   defined in enc28j60.o
_UART2_GTR                          0000524a   defined in enc28j60.o
_UART2_PSCR                         0000524b   defined in enc28j60.o
_TIM1_CR1                           00005250   defined in enc28j60.o
_TIM1_CR2                           00005251   defined in enc28j60.o
_TIM1_SMCR                          00005252   defined in enc28j60.o
_TIM1_ETR                           00005253   defined in enc28j60.o
_TIM1_IER                           00005254   defined in enc28j60.o
_TIM1_SR1                           00005255   defined in enc28j60.o
_TIM1_SR2                           00005256   defined in enc28j60.o
_TIM1_EGR                           00005257   defined in enc28j60.o
_TIM1_CCMR1                         00005258   defined in enc28j60.o
_TIM1_CCMR2                         00005259   defined in enc28j60.o
_TIM1_CCMR3                         0000525a   defined in enc28j60.o
_TIM1_CCMR4                         0000525b   defined in enc28j60.o
_TIM1_CCER1                         0000525c   defined in enc28j60.o
_TIM1_CCER2                         0000525d   defined in enc28j60.o
_TIM1_CNTRH                         0000525e   defined in enc28j60.o
_TIM1_CNTRL                         0000525f   defined in enc28j60.o
_TIM1_PSCRH                         00005260   defined in enc28j60.o
_TIM1_PSCRL                         00005261   defined in enc28j60.o
_TIM1_ARRH                          00005262   defined in enc28j60.o
_TIM1_ARRL                          00005263   defined in enc28j60.o
_TIM1_RCR                           00005264   defined in enc28j60.o
_TIM1_CCR1H                         00005265   defined in enc28j60.o
_TIM1_CCR1L                         00005266   defined in enc28j60.o
_TIM1_CCR2H                         00005267   defined in enc28j60.o
_TIM1_CCR2L                         00005268   defined in enc28j60.o
_TIM1_CCR3H                         00005269   defined in enc28j60.o
_TIM1_CCR3L                         0000526a   defined in enc28j60.o
_TIM1_CCR4H                         0000526b   defined in enc28j60.o
_TIM1_CCR4L                         0000526c   defined in enc28j60.o
_TIM1_BKR                           0000526d   defined in enc28j60.o
_TIM1_DTR                           0000526e   defined in enc28j60.o
_TIM1_OISR                          0000526f   defined in enc28j60.o
_TIM2_CR1                           00005300   defined in enc28j60.o
_TIM2_IER                           00005301   defined in enc28j60.o
_TIM2_SR1                           00005302   defined in enc28j60.o
_TIM2_SR2                           00005303   defined in enc28j60.o
_TIM2_EGR                           00005304   defined in enc28j60.o
_TIM2_CCMR1                         00005305   defined in enc28j60.o
_TIM2_CCMR2                         00005306   defined in enc28j60.o
_TIM2_CCMR3                         00005307   defined in enc28j60.o
_TIM2_CCER1                         00005308   defined in enc28j60.o
_TIM2_CCER2                         00005309   defined in enc28j60.o
_TIM2_CNTRH                         0000530a   defined in enc28j60.o
_TIM2_CNTRL                         0000530b   defined in enc28j60.o
_TIM2_PSCR                          0000530c   defined in enc28j60.o
_TIM2_ARRH                          0000530d   defined in enc28j60.o
_TIM2_ARRL                          0000530e   defined in enc28j60.o
_TIM2_CCR1H                         0000530f   defined in enc28j60.o
_TIM2_CCR1L                         00005310   defined in enc28j60.o
_TIM2_CCR2H                         00005311   defined in enc28j60.o
_TIM2_CCR2L                         00005312   defined in enc28j60.o
_TIM2_CCR3H                         00005314   defined in enc28j60.o
_TIM2_CCR3L                         00005314   defined in enc28j60.o
_TIM3_CR1                           00005320   defined in enc28j60.o
_TIM3_IER                           00005321   defined in enc28j60.o
_TIM3_SR1                           00005322   defined in enc28j60.o
_TIM3_SR2                           00005323   defined in enc28j60.o
_TIM3_EGR                           00005324   defined in enc28j60.o
_TIM3_CCMR1                         00005325   defined in enc28j60.o
_TIM3_CCMR2                         00005326   defined in enc28j60.o
_TIM3_CCER1                         00005327   defined in enc28j60.o
_TIM3_CNTRH                         00005328   defined in enc28j60.o
_TIM3_CNTRL                         00005329   defined in enc28j60.o
_TIM3_PSCR                          0000532a   defined in enc28j60.o
_TIM3_ARRH                          0000532b   defined in enc28j60.o
_TIM3_ARRL                          0000532c   defined in enc28j60.o
_TIM3_CCR1H                         0000532d   defined in enc28j60.o
_TIM3_CCR1L                         0000532e   defined in enc28j60.o
_TIM3_CCR2H                         0000532f   defined in enc28j60.o
_TIM3_CCR2L                         00005330   defined in enc28j60.o
_TIM4_CR1                           00005340   defined in enc28j60.o
_TIM4_IER                           00005341   defined in enc28j60.o
_TIM4_SR                            00005342   defined in enc28j60.o
_TIM4_EGR                           00005343   defined in enc28j60.o
_TIM4_CNTR                          00005344   defined in enc28j60.o
_TIM4_PSCR                          00005345   defined in enc28j60.o
_TIM4_ARR                           00005346   defined in enc28j60.o
_ADC_CSR                            00005400   defined in enc28j60.o
_ADC_CR1                            00005401   defined in enc28j60.o
_ADC_CR2                            00005402   defined in enc28j60.o
_ADC_CR3                            00005403   defined in enc28j60.o
_ADC_DRH                            00005404   defined in enc28j60.o
_ADC_DRL                            00005405   defined in enc28j60.o
_ADC_TDRH                           00005406   defined in enc28j60.o
_ADC_TDRL                           00005407   defined in enc28j60.o
_ADC_HTRH                           00005408   defined in enc28j60.o
_ADC_HTRL                           00005409   defined in enc28j60.o
_ADC_LTRH                           0000540a   defined in enc28j60.o
_ADC_LTRL                           0000540b   defined in enc28j60.o
_ADC_AWSRH                          0000540c   defined in enc28j60.o
_ADC_AWSRL                          0000540d   defined in enc28j60.o
_ADC_AWCRH                          0000540e   defined in enc28j60.o
_ADC_AWCRL                          0000540f   defined in enc28j60.o
_CFG_GCR                            00007f60   defined in enc28j60.o
_ITC_SPR1                           00007f70   defined in enc28j60.o
_ITC_SPR2                           00007f71   defined in enc28j60.o
_ITC_SPR3                           00007f72   defined in enc28j60.o
_ITC_SPR4                           00007f73   defined in enc28j60.o
_ITC_SPR5                           00007f74   defined in enc28j60.o
_ITC_SPR6                           00007f75   defined in enc28j60.o
_ITC_SPR7                           00007f76   defined in enc28j60.o
_ITC_SPR8                           00007f77   defined in enc28j60.o
_SWIM_CSR                           00007f80   defined in enc28j60.o
_DM_BK1RE                           00007f90   defined in enc28j60.o
_DM_BK1RH                           00007f91   defined in enc28j60.o
_DM_BK1RL                           00007f92   defined in enc28j60.o
_DM_BK2RE                           00007f93   defined in enc28j60.o
_DM_BK2RH                           00007f94   defined in enc28j60.o
_DM_BK2RL                           00007f95   defined in enc28j60.o
_DM_CR1                             00007f96   defined in enc28j60.o
_DM_CR2                             00007f97   defined in enc28j60.o
_DM_CSR1                            00007f98   defined in enc28j60.o
_DM_CSR2                            00007f99   defined in enc28j60.o
_DM_ENFCTR                          00007f9a   defined in enc28j60.o
__vectab                            00008000   defined in NetworkModule_vector.o section .vector
__stext                             00009f1b   defined in C:\Program Files (x86)\COSMIC\FSE_Compilers\CXSTM8\lib\crts0.sm8 section .text
                                               used in NetworkModule_vector.o
_exit                               00009f22   defined in C:\Program Files (x86)\COSMIC\FSE_Compilers\CXSTM8\lib\crts0.sm8 section .text
_select                             00009f24   defined in enc28j60.o section .text
_deselect                           00009f2a   defined in enc28j60.o section .text
_Enc28j60ReadReg                    00009f30   defined in enc28j60.o section .text
_Enc28j60WriteReg                   00009f50   defined in enc28j60.o section .text
_Enc28j60SetMaskReg                 00009f67   defined in enc28j60.o section .text
_Enc28j60ClearMaskReg               00009f7e   defined in enc28j60.o section .text
_Enc28j60SwitchBank                 00009f95   defined in enc28j60.o section .text
_Enc28j60ReadPhy                    00009fa7   defined in enc28j60.o section .text
_Enc28j60WritePhy                   00009ff4   defined in enc28j60.o section .text
_Enc28j60Init                       0000a028   defined in enc28j60.o section .text
                                               used in main.o
_Enc28j60Receive                    0000a188   defined in enc28j60.o section .text
                                               used in main.o
_Enc28j60Send                       0000a235   defined in enc28j60.o section .text
                                               used in main.o
_read_TSV                           0000a3a5   defined in enc28j60.o section .text
_gpio_init                          0000a41f   defined in gpio.o section .text
                                               used in main.o
_LEDcontrol                         0000a468   defined in gpio.o section .text
                                               used in main.o
_adjust_template_size               0000a475   defined in httpd.o section .text
_emb_itoa                           0000a4e3   defined in httpd.o section .text
                                               used in main.o
_HttpDInit                          0000ac96   defined in httpd.o section .text
                                               used in main.o
_HttpDCall                          0000acbe   defined in httpd.o section .text
                                               used in uip_tcpapphub.o
_clear_saved_postpartial_all        0000b7de   defined in httpd.o section .text
_clear_saved_postpartial_data       0000b7f2   defined in httpd.o section .text
_parse_POST_string                  0000b807   defined in httpd.o section .text
_clear_saved_postpartial_previous   ********   *** removed from httpd.o ***
_parse_POST_address                 0000b988   defined in httpd.o section .text
_parse_POST_port                    0000bae0   defined in httpd.o section .text
_GpioGetPin                         0000bc05   defined in httpd.o section .text
_GpioSetPin                         0000bc95   defined in httpd.o section .text
                                               used in main.o
_SetMAC                             0000bcea   defined in httpd.o section .text
_main                               0000bd84   defined in main.o section .text
                                               used in C:\Program Files (x86)\COSMIC\FSE_Compilers\CXSTM8\lib\crts0.sm8
_mqtt_startup                       0000bef9   defined in main.o section .text
_mqtt_sanity_check                  0000c11f   defined in main.o section .text
_publish_callback                   0000c1d6   defined in main.o section .text
_publish_outbound                   0000c283   defined in main.o section .text
_publish_pinstate                   0000c38a   defined in main.o section .text
_publish_pinstate_all               0000c422   defined in main.o section .text
_unlock_eeprom                      0000c46e   defined in main.o section .text
_check_eeprom_settings              0000c47e   defined in main.o section .text
_update_mac_string                  0000c939   defined in main.o section .text
_check_runtime_changes              0000c988   defined in main.o section .text
_check_restart_reboot               0000cc91   defined in main.o section .text
_restart                            0000cd66   defined in main.o section .text
_reboot                             0000cde6   defined in main.o section .text
_read_input_registers               0000ce0b   defined in main.o section .text
_write_output_registers             0000cea3   defined in main.o section .text
_check_reset_button                 0000cf22   defined in main.o section .text
_debugflash                         0000cf87   defined in main.o section .text
                                               used in httpd.o
_fastflash                          0000cfb3   defined in main.o section .text
_mqtt_sync                          0000cfd5   defined in mqtt.o section .text
                                               used in uip_tcpapphub.o
_oneflash                           ********   *** removed from main.o ***
___mqtt_next_pid                    0000d00b   defined in mqtt.o section .text
_mqtt_init                          0000d065   defined in mqtt.o section .text
                                               used in main.o
_mqtt_connect                       0000d0bd   defined in mqtt.o section .text
                                               used in main.o
_mqtt_publish                       0000d167   defined in mqtt.o section .text
                                               used in main.o
___mqtt_puback                      0000d1f8   defined in mqtt.o section .text
___mqtt_pubrec                      0000d26d   defined in mqtt.o section .text
___mqtt_pubrel                      0000d2e2   defined in mqtt.o section .text
___mqtt_pubcomp                     0000d357   defined in mqtt.o section .text
_mqtt_subscribe                     0000d3cc   defined in mqtt.o section .text
                                               used in main.o
_mqtt_unsubscribe                   ********   *** removed from mqtt.o ***
_mqtt_ping                          ********   *** removed from mqtt.o ***
___mqtt_ping                        0000d455   defined in mqtt.o section .text
_mqtt_disconnect                    0000d4b8   defined in mqtt.o section .text
                                               used in main.o
___mqtt_send                        0000d51b   defined in mqtt.o section .text
___mqtt_recv                        0000d6fb   defined in mqtt.o section .text
_mqtt_unpack_fixed_header           0000d9d8   defined in mqtt.o section .text
_mqtt_pack_fixed_header             0000da95   defined in mqtt.o section .text
_mqtt_pack_connection_request       0000db44   defined in mqtt.o section .text
_mqtt_unpack_connack_response       0000dcae   defined in mqtt.o section .text
_mqtt_pack_disconnect               0000dcfe   defined in mqtt.o section .text
_mqtt_pack_ping_request             0000dd1e   defined in mqtt.o section .text
_mqtt_pack_publish_request          0000dd3e   defined in mqtt.o section .text
_mqtt_unpack_publish_response       0000de1f   defined in mqtt.o section .text
_mqtt_pack_pubxxx_request           0000deda   defined in mqtt.o section .text
_mqtt_unpack_pubxxx_response        0000df4c   defined in mqtt.o section .text
_mqtt_unpack_suback_response        0000df84   defined in mqtt.o section .text
_mqtt_pack_subscribe_request        0000dfe6   defined in mqtt.o section .text
_mqtt_unpack_unsuback_response      0000e0fa   defined in mqtt.o section .text
_mqtt_mq_init                       0000e12c   defined in mqtt.o section .text
_mqtt_pack_unsubscribe_request      ********   *** removed from mqtt.o ***
_mqtt_mq_register                   0000e17b   defined in mqtt.o section .text
_mqtt_mq_clean                      0000e1e2   defined in mqtt.o section .text
_mqtt_mq_find                       0000e330   defined in mqtt.o section .text
_mqtt_unpack_response               0000e36c   defined in mqtt.o section .text
___mqtt_pack_uint16                 0000e418   defined in mqtt.o section .text
___mqtt_unpack_uint16               0000e43c   defined in mqtt.o section .text
___mqtt_pack_str                    0000e459   defined in mqtt.o section .text
_mqtt_pal_sendall                   0000e494   defined in mqtt_pal.o section .text
                                               used in mqtt.o
_mqtt_pal_recvall                   0000e4ab   defined in mqtt_pal.o section .text
                                               used in mqtt.o
_spi_init                           0000e4bd   defined in spi.o section .text
                                               used in main.o
_SpiWriteByte                       0000e4e2   defined in spi.o section .text
                                               used in enc28j60.o
_SpiWriteChunk                      0000e50c   defined in spi.o section .text
                                               used in enc28j60.o
_SpiReadByte                        0000e54b   defined in spi.o section .text
                                               used in enc28j60.o
_SpiReadChunk                       0000e575   defined in spi.o section .text
                                               used in enc28j60.o
_clock_init                         0000e5b5   defined in timer.o section .text
                                               used in main.o
_periodic_timer_expired             0000e647   defined in timer.o section .text
                                               used in main.o
_arp_timer_expired                  0000e680   defined in timer.o section .text
                                               used in main.o
_wait_timer                         0000e690   defined in timer.o section .text
                                               used in enc28j60.o main.o spi.o
_uip_setipid                        ********   *** removed from uip.o ***
_uip_add32                          0000e6b3   defined in uip.o section .text
_uip_chksum                         ********   *** removed from uip.o ***
_uip_ipchksum                       0000e758   defined in uip.o section .text
_uip_tcpchksum                      0000e7be   defined in uip.o section .text
_uip_init                           0000e7c3   defined in uip.o section .text
                                               used in main.o
_uip_connect                        0000e7f2   defined in uip.o section .text
                                               used in main.o
_uip_init_stats                     0000e88b   defined in uip.o section .text
                                               used in httpd.o
_uip_listen                         0000e88c   defined in uip.o section .text
                                               used in httpd.o
_uip_unlisten                       ********   *** removed from uip.o ***
_uip_process                        0000e8d3   defined in uip.o section .text
                                               used in main.o
_htons                              0000f201   defined in uip.o section .text
                                               used in httpd.o main.o
                                                       uip_tcpapphub.o
_uip_send                           0000f202   defined in uip.o section .text
                                               used in httpd.o
_uip_arp_init                       0000f226   defined in uip_arp.o section .text
                                               used in main.o
_uip_arp_timer                      0000f249   defined in uip_arp.o section .text
                                               used in main.o
_uip_arp_arpin                      0000f3a0   defined in uip_arp.o section .text
                                               used in main.o
_uip_arp_out                        0000f44f   defined in uip_arp.o section .text
                                               used in main.o
_check_mqtt_server_arp_entry        0000f59a   defined in uip_arp.o section .text
                                               used in main.o
_uip_TcpAppHubCall                  0000f628   defined in uip_tcpapphub.o section .text
                                               used in uip.o
_memmove                            0000f678   defined in (C:\Program Files (x86)\COSMIC\FSE_Compilers\CXSTM8\lib\libisl0.sm8)memmov.o section .text
                                               used in mqtt.o
_strcat                             0000f6c9   defined in (C:\Program Files (x86)\COSMIC\FSE_Compilers\CXSTM8\lib\libisl0.sm8)strcat0.o section .text
                                               used in main.o
_strlen                             0000f6dd   defined in (C:\Program Files (x86)\COSMIC\FSE_Compilers\CXSTM8\lib\libisl0.sm8)strlen0.o section .text
                                               used in httpd.o main.o mqtt.o
c_bmulx                             0000f6e9   defined in (C:\Program Files (x86)\COSMIC\FSE_Compilers\CXSTM8\lib\libm0.sm8)bmulx.o section .text
                                               used in mqtt.o
c_eewrw                             0000f6f7   defined in (C:\Program Files (x86)\COSMIC\FSE_Compilers\CXSTM8\lib\libm0.sm8)eeprom.o section .text
                                               used in main.o
c_eewrc                             0000f70d   defined in (C:\Program Files (x86)\COSMIC\FSE_Compilers\CXSTM8\lib\libm0.sm8)eeprom.o section .text
                                               used in main.o
c_eewrd                             0000f740   defined in (C:\Program Files (x86)\COSMIC\FSE_Compilers\CXSTM8\lib\libm0.sm8)eeprom.o section .text
                                               *** not used ***
c_fmul                              0000f75d   defined in (C:\Program Files (x86)\COSMIC\FSE_Compilers\CXSTM8\lib\libm0.sm8)fmul.o section .text
                                               used in mqtt.o
c_okmul                             0000f76b   defined in (C:\Program Files (x86)\COSMIC\FSE_Compilers\CXSTM8\lib\libm0.sm8)fmul.o section .text
                                               *** not used ***
c_ftoi                              0000f832   defined in (C:\Program Files (x86)\COSMIC\FSE_Compilers\CXSTM8\lib\libm0.sm8)ftol.o section .text
                                               *** not used ***
c_ftol                              0000f838   defined in (C:\Program Files (x86)\COSMIC\FSE_Compilers\CXSTM8\lib\libm0.sm8)ftol.o section .text
                                               used in mqtt.o
c_imul                              0000f894   defined in (C:\Program Files (x86)\COSMIC\FSE_Compilers\CXSTM8\lib\libm0.sm8)imul.o section .text
                                               used in httpd.o
c_itolx                             0000f8b5   defined in (C:\Program Files (x86)\COSMIC\FSE_Compilers\CXSTM8\lib\libm0.sm8)itolx.o section .text
                                               used in mqtt.o
c_itoly                             0000f8c3   defined in (C:\Program Files (x86)\COSMIC\FSE_Compilers\CXSTM8\lib\libm0.sm8)itoly.o section .text
                                               used in mqtt.o
c_ladc                              0000f8d6   defined in (C:\Program Files (x86)\COSMIC\FSE_Compilers\CXSTM8\lib\libm0.sm8)ladc.o section .text
                                               used in main.o
c_ladd                              0000f8e7   defined in (C:\Program Files (x86)\COSMIC\FSE_Compilers\CXSTM8\lib\libm0.sm8)ladd.o section .text
                                               used in mqtt.o
c_lcmp                              0000f8ff   defined in (C:\Program Files (x86)\COSMIC\FSE_Compilers\CXSTM8\lib\libm0.sm8)lcmp.o section .text
                                               used in main.o mqtt.o
c_lgadc                             0000f91f   defined in (C:\Program Files (x86)\COSMIC\FSE_Compilers\CXSTM8\lib\libm0.sm8)lgadc.o section .text
                                               used in enc28j60.o mqtt.o timer.o
c_lgadd                             0000f92f   defined in (C:\Program Files (x86)\COSMIC\FSE_Compilers\CXSTM8\lib\libm0.sm8)lgadd.o section .text
                                               used in mqtt.o
c_lgsbc                             0000f946   defined in (C:\Program Files (x86)\COSMIC\FSE_Compilers\CXSTM8\lib\libm0.sm8)lgsbc.o section .text
                                               used in mqtt.o
c_lgursh                            0000f95c   defined in (C:\Program Files (x86)\COSMIC\FSE_Compilers\CXSTM8\lib\libm0.sm8)lgursh.o section .text
                                               used in mqtt.o
c_ltor                              0000f96a   defined in (C:\Program Files (x86)\COSMIC\FSE_Compilers\CXSTM8\lib\libm0.sm8)ltor.o section .text
                                               used in httpd.o main.o mqtt.o
c_ludv                              0000f97c   defined in (C:\Program Files (x86)\COSMIC\FSE_Compilers\CXSTM8\lib\libm0.sm8)ludiv.o section .text
                                               used in httpd.o
c_divsl                             0000f990   defined in (C:\Program Files (x86)\COSMIC\FSE_Compilers\CXSTM8\lib\libm0.sm8)ldiv.o section .text
                                               *** not used ***
c_divul                             0000f9a7   defined in (C:\Program Files (x86)\COSMIC\FSE_Compilers\CXSTM8\lib\libm0.sm8)ldiv.o section .text
                                               used in (C:\Program Files (x86)\COSMIC\FSE_Compilers\CXSTM8\lib\libm0.sm8)ludiv.o
                                                       (C:\Program Files (x86)\COSMIC\FSE_Compilers\CXSTM8\lib\libm0.sm8)lumod.o
c_lgneg                             0000fa7b   defined in (C:\Program Files (x86)\COSMIC\FSE_Compilers\CXSTM8\lib\libm0.sm8)lgneg.o section .text
                                               used in (C:\Program Files (x86)\COSMIC\FSE_Compilers\CXSTM8\lib\libm0.sm8)ldiv.o
c_lneg                              0000fa8e   defined in (C:\Program Files (x86)\COSMIC\FSE_Compilers\CXSTM8\lib\libm0.sm8)lneg.o section .text
                                               used in (C:\Program Files (x86)\COSMIC\FSE_Compilers\CXSTM8\lib\libm0.sm8)ldiv.o
c_lumd                              0000faa3   defined in (C:\Program Files (x86)\COSMIC\FSE_Compilers\CXSTM8\lib\libm0.sm8)lumod.o section .text
                                               used in httpd.o
c_lzmp                              0000fabd   defined in (C:\Program Files (x86)\COSMIC\FSE_Compilers\CXSTM8\lib\libm0.sm8)lzmp.o section .text
                                               used in httpd.o
c_rtol                              0000fad0   defined in (C:\Program Files (x86)\COSMIC\FSE_Compilers\CXSTM8\lib\libm0.sm8)rtol.o section .text
                                               used in httpd.o mqtt.o
c_smodx                             0000fae2   defined in (C:\Program Files (x86)\COSMIC\FSE_Compilers\CXSTM8\lib\libm0.sm8)sdivx.o section .text
                                               *** not used ***
c_sdivx                             0000fae8   defined in (C:\Program Files (x86)\COSMIC\FSE_Compilers\CXSTM8\lib\libm0.sm8)sdivx.o section .text
                                               used in mqtt.o
c_uitof                             0000fb0d   defined in (C:\Program Files (x86)\COSMIC\FSE_Compilers\CXSTM8\lib\libm0.sm8)uitof.o section .text
                                               used in mqtt.o
c_uitolx                            0000fb31   defined in (C:\Program Files (x86)\COSMIC\FSE_Compilers\CXSTM8\lib\libm0.sm8)utolx.o section .text
                                               used in httpd.o mqtt.o
